// Jest Snapshot v1, https://goo.gl/fbAQLP

exports[`renders correctly 1`] = `
<View
  accessibilityState={
    {
      "busy": undefined,
      "checked": undefined,
      "disabled": undefined,
      "expanded": undefined,
      "selected": undefined,
    }
  }
  accessibilityValue={
    {
      "max": undefined,
      "min": undefined,
      "now": undefined,
      "text": undefined,
    }
  }
  accessible={true}
  collapsable={false}
  focusable={false}
  onClick={[Function]}
  onResponderGrant={[Function]}
  onResponderMove={[Function]}
  onResponderRelease={[Function]}
  onResponderTerminate={[Function]}
  onResponderTerminationRequest={[Function]}
  onStartShouldSetResponder={[Function]}
  style={
    {
      "backgroundColor": "#f8f8f9",
      "borderBottomColor": "#d8d8d8",
      "borderBottomStyle": "solid",
      "borderBottomWidth": "thin",
      "borderRadius": 0,
      "color": "grey",
      "fontWeight": "unset",
      "margin": 0,
      "opacity": 1,
      "padding": "0.5em",
    }
  }
>
  <Text />
</View>
`;
